13:13:50 **** Incremental Build of configuration Release for project UART_Transmit ****
make -j8 all 
arm-none-eabi-gcc "../Core/Src/main.c" -mcpu=cortex-m4 -std=gnu11 -DUSE_HAL_DRIVER -DSTM32F446xx -c -I../Core/Inc -I../Drivers/STM32F4xx_HAL_Driver/Inc -I../Drivers/STM32F4xx_HAL_Driver/Inc/Legacy -I../Drivers/CMSIS/Device/ST/STM32F4xx/Include -I../Drivers/CMSIS/Include -Os -ffunction-sections -fdata-sections -Wall -fstack-usage -MMD -MP -MF"Core/Src/main.d" -MT"Core/Src/main.o" --specs=nano.specs -mfpu=fpv4-sp-d16 -mfloat-abi=hard -mthumb -o "Core/Src/main.o"
arm-none-eabi-gcc -o "UART_Transmit.elf" @"objects.list"   -mcpu=cortex-m4 -T"/home/harini/STM32CubeIDE/workspace_1.8.0/UART_Transmit/STM32F446RETX_FLASH.ld" --specs=nosys.specs -Wl,-Map="UART_Transmit.map" -Wl,--gc-sections -static --specs=nano.specs -mfpu=fpv4-sp-d16 -mfloat-abi=hard -mthumb -Wl,--start-group -lc -lm -Wl,--end-group
Finished building target: UART_Transmit.elf
 
arm-none-eabi-size   UART_Transmit.elf 
arm-none-eabi-objdump -h -S  UART_Transmit.elf  > "UART_Transmit.list"
arm-none-eabi-objcopy  -O binary  UART_Transmit.elf  "UART_Transmit.bin"
   text	   data	    bss	    dec	    hex	filename
   6008	     24	   1640	   7672	   1df8	UART_Transmit.elf
Finished building: default.size.stdout
 
Finished building: UART_Transmit.bin
 
Finished building: UART_Transmit.list
 

13:13:51 Build Finished. 0 errors, 0 warnings. (took 272ms)

